2026-10-03 12:54:46.116 INFO  [main] LoginTest - Starting login test
2026-10-03 12:54:46.152 DEBUG [main] LoginTest - Username: standard_user
2026-10-03 12:54:46.153 DEBUG [main] LoginTest - Expected URL: https://www.saucedemo.com/inventory.html
2026-10-03 12:54:46.154 DEBUG [main] LoginTest - Login expected: true
2026-10-03 12:54:46.720 INFO  [main] LoginTest - Login button clicked
2026-10-03 12:54:46.803 INFO  [main] LoginTest - Expected URL: https://www.saucedemo.com/inventory.html
2026-10-03 12:54:46.803 INFO  [main] LoginTest - Actual URL: https://www.saucedemo.com/inventory.html
2026-10-03 12:54:46.806 INFO  [main] LoginTest - Login test completed successfully for standard_user. Expected login: true
2026-10-03 12:54:48.835 INFO  [main] LoginTest - Starting login test
2026-10-03 12:54:48.836 DEBUG [main] LoginTest - Username: locked_out_user
2026-10-03 12:54:48.837 DEBUG [main] LoginTest - Expected URL: https://www.saucedemo.com/
2026-10-03 12:54:48.837 DEBUG [main] LoginTest - Login expected: false
2026-10-03 12:54:49.477 INFO  [main] LoginTest - Login button clicked
2026-10-03 12:54:49.501 INFO  [main] LoginTest - Expected URL: https://www.saucedemo.com/
2026-10-03 12:54:49.501 INFO  [main] LoginTest - Actual URL: https://www.saucedemo.com/
2026-10-03 12:54:49.501 INFO  [main] LoginTest - Login test completed successfully for locked_out_user. Expected login: false
2026-10-03 12:54:51.473 INFO  [main] LoginTest - Starting login test
2026-10-03 12:54:51.473 DEBUG [main] LoginTest - Username: problem_user
2026-10-03 12:54:51.474 DEBUG [main] LoginTest - Expected URL: https://www.saucedemo.com/inventory.html
2026-10-03 12:54:51.475 DEBUG [main] LoginTest - Login expected: true
2026-10-03 12:54:51.927 INFO  [main] LoginTest - Login button clicked
2026-10-03 12:54:52.012 INFO  [main] LoginTest - Expected URL: https://www.saucedemo.com/inventory.html
2026-10-03 12:54:52.015 INFO  [main] LoginTest - Actual URL: https://www.saucedemo.com/inventory.html
2026-10-03 12:54:52.016 INFO  [main] LoginTest - Login test completed successfully for problem_user. Expected login: true
2026-10-03 12:54:53.979 INFO  [main] LoginTest - Starting login test
2026-10-03 12:54:53.979 DEBUG [main] LoginTest - Username: performance_glitch_user
2026-10-03 12:54:53.979 DEBUG [main] LoginTest - Expected URL: https://www.saucedemo.com/inventory.html
2026-10-03 12:54:53.980 DEBUG [main] LoginTest - Login expected: true
2026-10-03 12:54:59.577 INFO  [main] LoginTest - Login button clicked
2026-10-03 12:54:59.643 INFO  [main] LoginTest - Expected URL: https://www.saucedemo.com/inventory.html
2026-10-03 12:54:59.643 INFO  [main] LoginTest - Actual URL: https://www.saucedemo.com/inventory.html
2026-10-03 12:54:59.643 INFO  [main] LoginTest - Login test completed successfully for performance_glitch_user. Expected login: true
2026-10-03 12:55:01.526 INFO  [main] LoginTest - Starting login test
2026-10-03 12:55:01.541 DEBUG [main] LoginTest - Username: error_user
2026-10-03 12:55:01.542 DEBUG [main] LoginTest - Expected URL: https://www.saucedemo.com/inventory.html
2026-10-03 12:55:01.544 DEBUG [main] LoginTest - Login expected: true
2026-10-03 12:55:02.050 INFO  [main] LoginTest - Login button clicked
2026-10-03 12:55:02.187 INFO  [main] LoginTest - Expected URL: https://www.saucedemo.com/inventory.html
2026-10-03 12:55:02.188 INFO  [main] LoginTest - Actual URL: https://www.saucedemo.com/inventory.html
2026-10-03 12:55:02.189 INFO  [main] LoginTest - Login test completed successfully for error_user. Expected login: true
2026-10-03 12:55:04.127 INFO  [main] LoginTest - Starting login test
2026-10-03 12:55:04.127 DEBUG [main] LoginTest - Username: visual_user
2026-10-03 12:55:04.128 DEBUG [main] LoginTest - Expected URL: https://www.saucedemo.com/inventory.html
2026-10-03 12:55:04.128 DEBUG [main] LoginTest - Login expected: true
2026-10-03 12:55:04.647 INFO  [main] LoginTest - Login button clicked
2026-10-03 12:55:04.748 INFO  [main] LoginTest - Expected URL: https://www.saucedemo.com/inventory.html
2026-10-03 12:55:04.748 INFO  [main] LoginTest - Actual URL: https://www.saucedemo.com/inventory.html
2026-10-03 12:55:04.749 INFO  [main] LoginTest - Login test completed successfully for visual_user. Expected login: true
2026-10-03 12:55:07.893 INFO  [main] LoginSteps - Starting login test
2026-10-03 12:55:07.903 DEBUG [main] LoginSteps - Username: standard_user
2026-10-03 12:55:08.365 INFO  [main] LoginSteps - Login button clicked
2026-10-03 12:55:08.429 INFO  [main] LoginSteps - Login successful
2026-10-03 12:55:10.791 INFO  [main] LoginSteps - Starting login test
2026-10-03 12:55:10.792 DEBUG [main] LoginSteps - Username: problem_user
2026-10-03 12:55:11.224 INFO  [main] LoginSteps - Login button clicked
2026-10-03 12:55:11.304 INFO  [main] LoginSteps - Login successful
2026-10-03 12:55:13.830 INFO  [main] LoginSteps - Starting login test
2026-10-03 12:55:13.832 DEBUG [main] LoginSteps - Username: performance_glitch_user
2026-10-03 12:55:19.477 INFO  [main] LoginSteps - Login button clicked
2026-10-03 12:55:19.540 INFO  [main] LoginSteps - Login successful
2026-10-03 12:55:21.542 INFO  [main] LoginSteps - Starting login test
2026-10-03 12:55:21.544 DEBUG [main] LoginSteps - Username: error_user
2026-10-03 12:55:22.237 INFO  [main] LoginSteps - Login button clicked
2026-10-03 12:55:22.364 INFO  [main] LoginSteps - Login successful
2026-10-03 12:55:24.877 INFO  [main] LoginSteps - Starting login test
2026-10-03 12:55:24.880 DEBUG [main] LoginSteps - Username: visual_user
2026-10-03 12:55:25.456 INFO  [main] LoginSteps - Login button clicked
2026-10-03 12:55:25.567 INFO  [main] LoginSteps - Login successful
2026-10-03 12:55:27.809 INFO  [main] LoginSteps - Starting login test
2026-10-03 12:55:27.810 DEBUG [main] LoginSteps - Username: locked_out_user
2026-10-03 12:55:28.307 INFO  [main] LoginSteps - Login button clicked
2026-10-03 12:55:28.324 INFO  [main] LoginSteps - User correctly remained on the login page
2026-10-03 12:55:28.421 INFO  [main] LoginSteps - Login error displayed: Epic sadface: Sorry, this user has been locked out.
